// Jest Snapshot v1, https://goo.gl/fbAQLP

exports[`<EventListRenderItem /> renders correctly 1`] = `null`;
