// Jest Snapshot v1, https://goo.gl/fbAQLP

exports[`renders correctly 1`] = `
<RCTScrollView
  showsVerticalScrollIndicator={false}
>
  <View>
    <RCTSafeAreaView
      emulateUnlessSupported={true}
      style={
        Object {
          "flex": 1,
        }
      }
    >
      <View
        style={
          Array [
            Object {
              "alignItems": "center",
              "flex": 1,
              "justifyContent": "center",
            },
            Object {
              "alignSelf": "center",
              "height": 280,
              "overflow": "hidden",
              "width": "100%",
            },
          ]
        }
      >
        <View
          accessibilityIgnoresInvertColors={true}
          style={
            Object {
              "flex": 1,
              "height": "100%",
              "resizeMode": "contain",
              "width": "100%",
            }
          }
        >
          <Image
            source={1}
            style={
              Array [
                Object {
                  "bottom": 0,
                  "left": 0,
                  "position": "absolute",
                  "right": 0,
                  "top": 0,
                },
                Object {
                  "height": "100%",
                  "width": "100%",
                },
                undefined,
              ]
            }
          />
          <Image
            source={1}
            style={
              Array [
                Object {
                  "flex": 1,
                  "height": null,
                  "resizeMode": "contain",
                  "width": null,
                },
                Object {
                  "backgroundColor": "#FFFFFF99",
                },
              ]
            }
          />
        </View>
      </View>
      <View
        style={
          Object {
            "alignItems": "center",
            "backgroundColor": "#0033A0E0",
            "flex": 1,
            "justifyContent": "center",
          }
        }
      >
        <ActivityIndicator
          animating={true}
          color="white"
          hidesWhenStopped={true}
          size="large"
        />
      </View>
      <View
        style={
          Object {
            "overflow": "hidden",
          }
        }
      >
        <RCTScrollView
          ScrollEventThrottle={16}
        >
          <View>
            <View
              style={
                Object {
                  "alignItems": "flex-start",
                  "backgroundColor": "white",
                  "flex": 1,
                  "justifyContent": "flex-start",
                  "padding": 5,
                }
              }
            >
              <View
                style={Object {}}
              >
                <Text
                  style={
                    Object {
                      "color": "black",
                      "fontSize": 20,
                      "fontWeight": "bold",
                    }
                  }
                >
                   SPONSORS 
                </Text>
              </View>
              <View
                style={
                  Object {
                    "height": 170,
                    "marginTop": 5,
                  }
                }
              >
                <RCTScrollView
                  horizontal={true}
                  showsHorizontalScrollIndicator={false}
                  style={
                    Object {
                      "padding": 10,
                    }
                  }
                >
                  <View />
                </RCTScrollView>
              </View>
            </View>
          </View>
        </RCTScrollView>
      </View>
    </RCTSafeAreaView>
  </View>
</RCTScrollView>
`;
